// Jest Snapshot v1, https://jestjs.io/docs/snapshot-testing

exports[`should create a config 1`] = `
{
  "env": {
    "amd": true,
    "browser": true,
    "es6": true,
    "jest": true,
    "mocha": true,
    "node": true,
  },
  "extends": [
    "eslint:recommended",
    "plugin:react/recommended",
    "plugin:react-hooks/recommended",
    "plugin:jsx-a11y/recommended",
    "plugin:import/recommended",
    "prettier",
  ],
  "overrides": [
    {
      "extends": [
        "plugin:testing-library/react",
      ],
      "files": [
        "**/__tests__/**/*.[jt]s?(x)",
        "**/?(*.)+(spec|test).[jt]s?(x)",
      ],
    },
  ],
  "parser": "@babel/eslint-parser",
  "parserOptions": {
    "babelOptions": {
      "presets": [
        "@babel/preset-react",
      ],
    },
    "ecmaVersion": 2020,
    "requireConfigFile": false,
  },
  "rules": {
    "no-unused-vars": [
      "warn",
      {
        "argsIgnorePattern": "^_",
        "ignoreRestSiblings": true,
        "varsIgnorePattern": "^_",
      },
    ],
    "no-var": "error",
    "prefer-const": "warn",
    "react/jsx-uses-react": "off",
    "react/react-in-jsx-scope": "off",
  },
  "settings": {
    "react": {
      "version": "detect",
    },
  },
}
`;
